Godot Engine v4.6.1.stable.mono.official.14d19694e - https://godotengine.org

PhysicsStandingSurfaceHeadlessBake: waiting for physics to settle...
PhysicsStandingSurfaceHeadlessBake: rebuilding terrain grid and physics colliders...
  object JSON: res://Godot/Terrain/ObjectDataJson/
  models:      res://Godot/Models/
TerrainPhysicsColliderBuilder: object colliders 1/235441 (bodies=1, skipped=0)...
TerrainPhysicsColliderBuilder: object colliders 5000/235441 (bodies=5000, skipped=497)...
TerrainPhysicsColliderBuilder: object colliders 10000/235441 (bodies=10000, skipped=751)...
TerrainPhysicsColliderBuilder: object colliders 15000/235441 (bodies=15000, skipped=767)...
TerrainPhysicsColliderBuilder: object colliders 20000/235441 (bodies=20000, skipped=767)...
TerrainPhysicsColliderBuilder: object colliders 25000/235441 (bodies=25000, skipped=767)...
TerrainPhysicsColliderBuilder: object colliders 30000/235441 (bodies=30000, skipped=767)...
TerrainPhysicsColliderBuilder: object colliders 35000/235441 (bodies=35000, skipped=767)...
TerrainPhysicsColliderBuilder: object colliders 40000/235441 (bodies=40000, skipped=767)...
TerrainPhysicsColliderBuilder: object colliders 45000/235441 (bodies=45000, skipped=767)...
TerrainPhysicsColliderBuilder: object colliders 50000/235441 (bodies=50000, skipped=767)...
TerrainPhysicsColliderBuilder: object colliders 55000/235441 (bodies=55000, skipped=767)...
TerrainPhysicsColliderBuilder: object colliders 60000/235441 (bodies=60000, skipped=767)...
TerrainPhysicsColliderBuilder: object colliders 65000/235441 (bodies=65000, skipped=767)...
TerrainPhysicsColliderBuilder: object colliders 70000/235441 (bodies=70000, skipped=767)...
TerrainPhysicsColliderBuilder: object colliders 75000/235441 (bodies=75000, skipped=767)...
TerrainPhysicsColliderBuilder: object colliders 80000/235441 (bodies=80000, skipped=767)...
TerrainPhysicsColliderBuilder: object colliders 85000/235441 (bodies=85000, skipped=847)...
TerrainPhysicsColliderBuilder: object colliders 90000/235441 (bodies=90000, skipped=919)...
TerrainPhysicsColliderBuilder: object colliders 95000/235441 (bodies=95000, skipped=919)...
TerrainPhysicsColliderBuilder: object colliders 100000/235441 (bodies=100000, skipped=923)...
TerrainPhysicsColliderBuilder: object colliders 105000/235441 (bodies=105000, skipped=1316)...
TerrainPhysicsColliderBuilder: object colliders 110000/235441 (bodies=110000, skipped=1400)...
TerrainPhysicsColliderBuilder: object colliders 115000/235441 (bodies=115000, skipped=1400)...
TerrainPhysicsColliderBuilder: object colliders 120000/235441 (bodies=120000, skipped=1400)...
TerrainPhysicsColliderBuilder: object colliders 125000/235441 (bodies=125000, skipped=1400)...
TerrainPhysicsColliderBuilder: object colliders 130000/235441 (bodies=130000, skipped=1400)...
TerrainPhysicsColliderBuilder: object colliders 135000/235441 (bodies=135000, skipped=1400)...
TerrainPhysicsColliderBuilder: object colliders 140000/235441 (bodies=140000, skipped=1400)...
TerrainPhysicsColliderBuilder: object colliders 145000/235441 (bodies=145000, skipped=1400)...
TerrainPhysicsColliderBuilder: object colliders 150000/235441 (bodies=150000, skipped=1400)...
TerrainPhysicsColliderBuilder: object colliders 155000/235441 (bodies=155000, skipped=1594)...
TerrainPhysicsColliderBuilder: object colliders 160000/235441 (bodies=160000, skipped=1594)...
TerrainPhysicsColliderBuilder: object colliders 165000/235441 (bodies=165000, skipped=1594)...
TerrainPhysicsColliderBuilder: object colliders 170000/235441 (bodies=170000, skipped=1625)...
TerrainPhysicsColliderBuilder: object colliders 175000/235441 (bodies=175000, skipped=1676)...
TerrainPhysicsColliderBuilder: object colliders 180000/235441 (bodies=180000, skipped=1682)...
TerrainPhysicsColliderBuilder: object colliders 185000/235441 (bodies=185000, skipped=1703)...
TerrainPhysicsColliderBuilder: object colliders 190000/235441 (bodies=190000, skipped=1744)...
TerrainPhysicsColliderBuilder: object colliders 195000/235441 (bodies=195000, skipped=1753)...
TerrainPhysicsColliderBuilder: object colliders 200000/235441 (bodies=200000, skipped=1753)...
TerrainPhysicsColliderBuilder: object colliders 205000/235441 (bodies=205000, skipped=1753)...
TerrainPhysicsColliderBuilder: object colliders 210000/235441 (bodies=210000, skipped=1753)...
TerrainPhysicsColliderBuilder: object colliders 215000/235441 (bodies=215000, skipped=1753)...
TerrainPhysicsColliderBuilder: object colliders 220000/235441 (bodies=220000, skipped=1753)...
TerrainPhysicsColliderBuilder: object colliders 225000/235441 (bodies=225000, skipped=1755)...
TerrainPhysicsColliderBuilder: object colliders 230000/235441 (bodies=230000, skipped=1766)...
TerrainPhysicsColliderFill: terrain mesh items=870, cells=6400, object bodies=232717 (plants=133210, rocks=37442, buildings/props=62065, skipped=2724).
PhysicsStandingSurfaceHeadlessBake: colliders ready тАФ terrain cells=6400, object bodies=232717 (plants=133210, rocks=37442, buildings/props=62065).
PhysicsStandingSurfaceHeadlessBake: sampling physics into walk atlas...
WalkSurfaceAtlasBuilder: tile template 1/870 (item 237).
WalkSurfaceAtlasBuilder: tile template 5/870 (item 116).
WalkSurfaceAtlasBuilder: tile template 10/870 (item 537).
WalkSurfaceAtlasBuilder: tile template 15/870 (item 869).
WalkSurfaceAtlasBuilder: tile template 20/870 (item 85).
WalkSurfaceAtlasBuilder: tile template 25/870 (item 187).
WalkSurfaceAtlasBuilder: tile template 30/870 (item 840).
WalkSurfaceAtlasBuilder: tile template 35/870 (item 186).
WalkSurfaceAtlasBuilder: tile template 40/870 (item 535).
WalkSurfaceAtlasBuilder: tile template 45/870 (item 242).
WalkSurfaceAtlasBuilder: tile template 50/870 (item 826).
WalkSurfaceAtlasBuilder: tile template 55/870 (item 60).
WalkSurfaceAtlasBuilder: tile template 60/870 (item 288).
WalkSurfaceAtlasBuilder: tile template 65/870 (item 672).
WalkSurfaceAtlasBuilder: tile template 70/870 (item 163).
WalkSurfaceAtlasBuilder: tile template 75/870 (item 580).
WalkSurfaceAtlasBuilder: tile template 80/870 (item 162).
WalkSurfaceAtlasBuilder: tile template 85/870 (item 113).
WalkSurfaceAtlasBuilder: tile template 90/870 (item 88).
WalkSurfaceAtlasBuilder: tile template 95/870 (item 828).
WalkSurfaceAtlasBuilder: tile template 100/870 (item 707).
WalkSurfaceAtlasBuilder: tile template 105/870 (item 104).
WalkSurfaceAtlasBuilder: tile template 110/870 (item 219).
WalkSurfaceAtlasBuilder: tile template 115/870 (item 630).
WalkSurfaceAtlasBuilder: tile template 120/870 (item 576).
WalkSurfaceAtlasBuilder: tile template 125/870 (item 202).
WalkSurfaceAtlasBuilder: tile template 130/870 (item 207).
WalkSurfaceAtlasBuilder: tile template 135/870 (item 248).
WalkSurfaceAtlasBuilder: tile template 140/870 (item 285).
WalkSurfaceAtlasBuilder: tile template 145/870 (item 147).
WalkSurfaceAtlasBuilder: tile template 150/870 (item 4).
WalkSurfaceAtlasBuilder: tile template 155/870 (item 146).
WalkSurfaceAtlasBuilder: tile template 160/870 (item 761).
WalkSurfaceAtlasBuilder: tile template 165/870 (item 596).
WalkSurfaceAtlasBuilder: tile template 170/870 (item 183).
WalkSurfaceAtlasBuilder: tile template 175/870 (item 619).
WalkSurfaceAtlasBuilder: tile template 180/870 (item 33).
WalkSurfaceAtlasBuilder: tile template 185/870 (item 460).
WalkSurfaceAtlasBuilder: tile template 190/870 (item 618).
WalkSurfaceAtlasBuilder: tile template 195/870 (item 365).
WalkSurfaceAtlasBuilder: tile template 200/870 (item 851).
WalkSurfaceAtlasBuilder: tile template 205/870 (item 271).
WalkSurfaceAtlasBuilder: tile template 210/870 (item 687).
WalkSurfaceAtlasBuilder: tile template 215/870 (item 24).
WalkSurfaceAtlasBuilder: tile template 220/870 (item 616).
WalkSurfaceAtlasBuilder: tile template 225/870 (item 847).
WalkSurfaceAtlasBuilder: tile template 230/870 (item 686).
WalkSurfaceAtlasBuilder: tile template 235/870 (item 528).
WalkSurfaceAtlasBuilder: tile template 240/870 (item 439).
WalkSurfaceAtlasBuilder: tile template 245/870 (item 810).
WalkSurfaceAtlasBuilder: tile template 250/870 (item 378).
WalkSurfaceAtlasBuilder: tile template 255/870 (item 720).
WalkSurfaceAtlasBuilder: tile template 260/870 (item 793).
WalkSurfaceAtlasBuilder: tile template 265/870 (item 731).
WalkSurfaceAtlasBuilder: tile template 270/870 (item 442).
WalkSurfaceAtlasBuilder: tile template 275/870 (item 258).
WalkSurfaceAtlasBuilder: tile template 280/870 (item 730).
WalkSurfaceAtlasBuilder: tile template 285/870 (item 853).
WalkSurfaceAtlasBuilder: tile template 290/870 (item 329).
WalkSurfaceAtlasBuilder: tile template 295/870 (item 743).
WalkSurfaceAtlasBuilder: tile template 300/870 (item 850).
WalkSurfaceAtlasBuilder: tile template 305/870 (item 369).
WalkSurfaceAtlasBuilder: tile template 310/870 (item 816).
WalkSurfaceAtlasBuilder: tile template 315/870 (item 742).
WalkSurfaceAtlasBuilder: tile template 320/870 (item 487).
WalkSurfaceAtlasBuilder: tile template 325/870 (item 559).
WalkSurfaceAtlasBuilder: tile template 330/870 (item 822).
WalkSurfaceAtlasBuilder: tile template 335/870 (item 830).
WalkSurfaceAtlasBuilder: tile template 340/870 (item 21).
WalkSurfaceAtlasBuilder: tile template 345/870 (item 394).
WalkSurfaceAtlasBuilder: tile template 350/870 (item 309).
WalkSurfaceAtlasBuilder: tile template 355/870 (item 546).
WalkSurfaceAtlasBuilder: tile template 360/870 (item 94).
WalkSurfaceAtlasBuilder: tile template 365/870 (item 496).
WalkSurfaceAtlasBuilder: tile template 370/870 (item 16).
WalkSurfaceAtlasBuilder: tile template 375/870 (item 578).
WalkSurfaceAtlasBuilder: tile template 380/870 (item 125).
WalkSurfaceAtlasBuilder: tile template 385/870 (item 77).
WalkSurfaceAtlasBuilder: tile template 390/870 (item 638).
WalkSurfaceAtlasBuilder: tile template 395/870 (item 727).
WalkSurfaceAtlasBuilder: tile template 400/870 (item 634).
WalkSurfaceAtlasBuilder: tile template 405/870 (item 76).
WalkSurfaceAtlasBuilder: tile template 410/870 (item 613).
WalkSurfaceAtlasBuilder: tile template 415/870 (item 100).
WalkSurfaceAtlasBuilder: tile template 420/870 (item 425).
WalkSurfaceAtlasBuilder: tile template 425/870 (item 633).
WalkSurfaceAtlasBuilder: tile template 430/870 (item 99).
WalkSurfaceAtlasBuilder: tile template 435/870 (item 194).
WalkSurfaceAtlasBuilder: tile template 440/870 (item 98).
WalkSurfaceAtlasBuilder: tile template 445/870 (item 119).
WalkSurfaceAtlasBuilder: tile template 450/870 (item 600).
WalkSurfaceAtlasBuilder: tile template 455/870 (item 74).
WalkSurfaceAtlasBuilder: tile template 460/870 (item 8).
WalkSurfaceAtlasBuilder: tile template 465/870 (item 122).
WalkSurfaceAtlasBuilder: tile template 470/870 (item 193).
WalkSurfaceAtlasBuilder: tile template 475/870 (item 554).
WalkSurfaceAtlasBuilder: tile template 480/870 (item 192).
WalkSurfaceAtlasBuilder: tile template 485/870 (item 437).
WalkSurfaceAtlasBuilder: tile template 490/870 (item 256).
WalkSurfaceAtlasBuilder: tile template 495/870 (item 117).
WalkSurfaceAtlasBuilder: tile template 500/870 (item 371).
WalkSurfaceAtlasBuilder: tile template 505/870 (item 669).
WalkSurfaceAtlasBuilder: tile template 510/870 (item 729).
WalkSurfaceAtlasBuilder: tile template 515/870 (item 697).
WalkSurfaceAtlasBuilder: tile template 520/870 (item 759).
WalkSurfaceAtlasBuilder: tile template 525/870 (item 82).
WalkSurfaceAtlasBuilder: tile template 530/870 (item 66).
WalkSurfaceAtlasBuilder: tile template 535/870 (item 297).
WalkSurfaceAtlasBuilder: tile template 540/870 (item 864).
WalkSurfaceAtlasBuilder: tile template 545/870 (item 348).
WalkSurfaceAtlasBuilder: tile template 550/870 (item 623).
WalkSurfaceAtlasBuilder: tile template 555/870 (item 740).
WalkSurfaceAtlasBuilder: tile template 560/870 (item 774).
WalkSurfaceAtlasBuilder: tile template 565/870 (item 408).
WalkSurfaceAtlasBuilder: tile template 570/870 (item 503).
WalkSurfaceAtlasBuilder: tile template 575/870 (item 737).
WalkSurfaceAtlasBuilder: tile template 580/870 (item 621).
WalkSurfaceAtlasBuilder: tile template 585/870 (item 208).
WalkSurfaceAtlasBuilder: tile template 590/870 (item 50).
WalkSurfaceAtlasBuilder: tile template 595/870 (item 169).
WalkSurfaceAtlasBuilder: tile template 600/870 (item 620).
WalkSurfaceAtlasBuilder: tile template 605/870 (item 746).
WalkSurfaceAtlasBuilder: tile template 610/870 (item 367).
WalkSurfaceAtlasBuilder: tile template 615/870 (item 569).
WalkSurfaceAtlasBuilder: tile template 620/870 (item 140).
WalkSurfaceAtlasBuilder: tile template 625/870 (item 568).
WalkSurfaceAtlasBuilder: tile template 630/870 (item 19).
WalkSurfaceAtlasBuilder: tile template 635/870 (item 422).
WalkSurfaceAtlasBuilder: tile template 640/870 (item 165).
WalkSurfaceAtlasBuilder: tile template 645/870 (item 688).
WalkSurfaceAtlasBuilder: tile template 650/870 (item 667).
WalkSurfaceAtlasBuilder: tile template 655/870 (item 573).
WalkSurfaceAtlasBuilder: tile template 660/870 (item 311).
WalkSurfaceAtlasBuilder: tile template 665/870 (item 280).
WalkSurfaceAtlasBuilder: tile template 670/870 (item 637).
WalkSurfaceAtlasBuilder: tile template 675/870 (item 684).
WalkSurfaceAtlasBuilder: tile template 680/870 (item 59).
WalkSurfaceAtlasBuilder: tile template 685/870 (item 135).
WalkSurfaceAtlasBuilder: tile template 690/870 (item 466).
WalkSurfaceAtlasBuilder: tile template 695/870 (item 533).
WalkSurfaceAtlasBuilder: tile template 700/870 (item 386).
WalkSurfaceAtlasBuilder: tile template 705/870 (item 396).
WalkSurfaceAtlasBuilder: tile template 710/870 (item 313).
WalkSurfaceAtlasBuilder: tile template 715/870 (item 428).
WalkSurfaceAtlasBuilder: tile template 720/870 (item 320).
WalkSurfaceAtlasBuilder: tile template 725/870 (item 518).
WalkSurfaceAtlasBuilder: tile template 730/870 (item 510).
WalkSurfaceAtlasBuilder: tile template 735/870 (item 593).
WalkSurfaceAtlasBuilder: tile template 740/870 (item 771).
WalkSurfaceAtlasBuilder: tile template 745/870 (item 65).
WalkSurfaceAtlasBuilder: tile template 750/870 (item 139).
WalkSurfaceAtlasBuilder: tile template 755/870 (item 106).
WalkSurfaceAtlasBuilder: tile template 760/870 (item 512).
WalkSurfaceAtlasBuilder: tile template 765/870 (item 398).
WalkSurfaceAtlasBuilder: tile template 770/870 (item 495).
WalkSurfaceAtlasBuilder: tile template 775/870 (item 3).
WalkSurfaceAtlasBuilder: tile template 780/870 (item 867).
WalkSurfaceAtlasBuilder: tile template 785/870 (item 251).
WalkSurfaceAtlasBuilder: tile template 790/870 (item 508).
WalkSurfaceAtlasBuilder: tile template 795/870 (item 644).
WalkSurfaceAtlasBuilder: tile template 800/870 (item 561).
WalkSurfaceAtlasBuilder: tile template 805/870 (item 539).
WalkSurfaceAtlasBuilder: tile template 810/870 (item 401).
WalkSurfaceAtlasBuilder: tile template 815/870 (item 500).
WalkSurfaceAtlasBuilder: tile template 820/870 (item 538).
WalkSurfaceAtlasBuilder: tile template 825/870 (item 625).
WalkSurfaceAtlasBuilder: tile template 830/870 (item 567).
WalkSurfaceAtlasBuilder: tile template 835/870 (item 566).
WalkSurfaceAtlasBuilder: tile template 840/870 (item 705).
WalkSurfaceAtlasBuilder: tile template 845/870 (item 654).
WalkSurfaceAtlasBuilder: tile template 850/870 (item 476).
WalkSurfaceAtlasBuilder: tile template 855/870 (item 651).
WalkSurfaceAtlasBuilder: tile template 860/870 (item 650).
WalkSurfaceAtlasBuilder: tile template 865/870 (item 382).
WalkSurfaceAtlasBuilder: tile template 870/870 (item 748).
PhysicsStandingSurfaceAtlasBuilder: precomputed 870 tile template(s) in 1387973 ms.
PhysicsStandingSurfaceAtlasBuilder: terrain baseline 1/6400 cells (40198 samples, 1387994 ms)...
PhysicsStandingSurfaceAtlasBuilder: terrain baseline 100/6400 cells (4019800 samples, 1388633 ms)...
PhysicsStandingSurfaceAtlasBuilder: terrain baseline 200/6400 cells (8040388 samples, 1389082 ms)...
PhysicsStandingSurfaceAtlasBuilder: terrain baseline 300/6400 cells (12061243 samples, 1389513 ms)...
PhysicsStandingSurfaceAtlasBuilder: terrain baseline 400/6400 cells (16081887 samples, 1390238 ms)...
PhysicsStandingSurfaceAtlasBuilder: terrain baseline 500/6400 cells (20102756 samples, 1390673 ms)...
PhysicsStandingSurfaceAtlasBuilder: terrain baseline 600/6400 cells (24123656 samples, 1391106 ms)...
PhysicsStandingSurfaceAtlasBuilder: terrain baseline 700/6400 cells (28144486 samples, 1391545 ms)...
PhysicsStandingSurfaceAtlasBuilder: terrain baseline 800/6400 cells (32165584 samples, 1392179 ms)...
PhysicsStandingSurfaceAtlasBuilder: terrain baseline 900/6400 cells (36186399 samples, 1392621 ms)...
PhysicsStandingSurfaceAtlasBuilder: terrain baseline 1000/6400 cells (40207403 samples, 1393053 ms)...
PhysicsStandingSurfaceAtlasBuilder: terrain baseline 1100/6400 cells (44228626 samples, 1393483 ms)...
PhysicsStandingSurfaceAtlasBuilder: terrain baseline 1200/6400 cells (48249424 samples, 1394117 ms)...
PhysicsStandingSurfaceAtlasBuilder: terrain baseline 1300/6400 cells (52270444 samples, 1394544 ms)...
PhysicsStandingSurfaceAtlasBuilder: terrain baseline 1400/6400 cells (56291596 samples, 1394976 ms)...
PhysicsStandingSurfaceAtlasBuilder: terrain baseline 1500/6400 cells (60312494 samples, 1395408 ms)...
PhysicsStandingSurfaceAtlasBuilder: terrain baseline 1600/6400 cells (64333391 samples, 1396045 ms)...
PhysicsStandingSurfaceAtlasBuilder: terrain baseline 1700/6400 cells (68354343 samples, 1396495 ms)...
PhysicsStandingSurfaceAtlasBuilder: terrain baseline 1800/6400 cells (72375244 samples, 1396924 ms)...
PhysicsStandingSurfaceAtlasBuilder: terrain baseline 1900/6400 cells (76396376 samples, 1397357 ms)...
PhysicsStandingSurfaceAtlasBuilder: terrain baseline 2000/6400 cells (80416881 samples, 1397994 ms)...
PhysicsStandingSurfaceAtlasBuilder: terrain baseline 2100/6400 cells (84437732 samples, 1398427 ms)...
PhysicsStandingSurfaceAtlasBuilder: terrain baseline 2200/6400 cells (88458648 samples, 1398857 ms)...
PhysicsStandingSurfaceAtlasBuilder: terrain baseline 2300/6400 cells (92479423 samples, 1399292 ms)...
PhysicsStandingSurfaceAtlasBuilder: terrain baseline 2400/6400 cells (96500468 samples, 1399925 ms)...
PhysicsStandingSurfaceAtlasBuilder: terrain baseline 2500/6400 cells (100521164 samples, 1400365 ms)...
PhysicsStandingSurfaceAtlasBuilder: terrain baseline 2600/6400 cells (104542160 samples, 1400798 ms)...
PhysicsStandingSurfaceAtlasBuilder: terrain baseline 2700/6400 cells (108563345 samples, 1401230 ms)...
PhysicsStandingSurfaceAtlasBuilder: terrain baseline 2800/6400 cells (112583747 samples, 1401872 ms)...
PhysicsStandingSurfaceAtlasBuilder: terrain baseline 2900/6400 cells (116604459 samples, 1402303 ms)...
PhysicsStandingSurfaceAtlasBuilder: terrain baseline 3000/6400 cells (120625454 samples, 1402735 ms)...
PhysicsStandingSurfaceAtlasBuilder: terrain baseline 3100/6400 cells (124645970 samples, 1403169 ms)...
PhysicsStandingSurfaceAtlasBuilder: terrain baseline 3200/6400 cells (128666436 samples, 1403891 ms)...
PhysicsStandingSurfaceAtlasBuilder: terrain baseline 3300/6400 cells (132687329 samples, 1404344 ms)...
PhysicsStandingSurfaceAtlasBuilder: terrain baseline 3400/6400 cells (136708246 samples, 1404778 ms)...
PhysicsStandingSurfaceAtlasBuilder: terrain baseline 3500/6400 cells (140729455 samples, 1405208 ms)...
PhysicsStandingSurfaceAtlasBuilder: terrain baseline 3600/6400 cells (144750251 samples, 1405641 ms)...
PhysicsStandingSurfaceAtlasBuilder: terrain baseline 3700/6400 cells (148771147 samples, 1406274 ms)...
PhysicsStandingSurfaceAtlasBuilder: terrain baseline 3800/6400 cells (152792416 samples, 1406703 ms)...
PhysicsStandingSurfaceAtlasBuilder: terrain baseline 3900/6400 cells (156813094 samples, 1407142 ms)...
PhysicsStandingSurfaceAtlasBuilder: terrain baseline 4000/6400 cells (160834378 samples, 1407573 ms)...
PhysicsStandingSurfaceAtlasBuilder: terrain baseline 4100/6400 cells (164855740 samples, 1408205 ms)...
PhysicsStandingSurfaceAtlasBuilder: terrain baseline 4200/6400 cells (168876466 samples, 1408635 ms)...
PhysicsStandingSurfaceAtlasBuilder: terrain baseline 4300/6400 cells (172897640 samples, 1409067 ms)...
PhysicsStandingSurfaceAtlasBuilder: terrain baseline 4400/6400 cells (176918597 samples, 1409495 ms)...
PhysicsStandingSurfaceAtlasBuilder: terrain baseline 4500/6400 cells (180939717 samples, 1410129 ms)...
PhysicsStandingSurfaceAtlasBuilder: terrain baseline 4600/6400 cells (184960888 samples, 1410556 ms)...
PhysicsStandingSurfaceAtlasBuilder: terrain baseline 4700/6400 cells (188981472 samples, 1410998 ms)...
PhysicsStandingSurfaceAtlasBuilder: terrain baseline 4800/6400 cells (193002624 samples, 1411427 ms)...
PhysicsStandingSurfaceAtlasBuilder: terrain baseline 4900/6400 cells (197023611 samples, 1412063 ms)...
PhysicsStandingSurfaceAtlasBuilder: terrain baseline 5000/6400 cells (201044461 samples, 1412492 ms)...
PhysicsStandingSurfaceAtlasBuilder: terrain baseline 5100/6400 cells (205065432 samples, 1412922 ms)...
PhysicsStandingSurfaceAtlasBuilder: terrain baseline 5200/6400 cells (209086171 samples, 1413354 ms)...
PhysicsStandingSurfaceAtlasBuilder: terrain baseline 5300/6400 cells (213107337 samples, 1413985 ms)...
PhysicsStandingSurfaceAtlasBuilder: terrain baseline 5400/6400 cells (217128509 samples, 1414419 ms)...
PhysicsStandingSurfaceAtlasBuilder: terrain baseline 5500/6400 cells (221149005 samples, 1414849 ms)...
PhysicsStandingSurfaceAtlasBuilder: terrain baseline 5600/6400 cells (225169913 samples, 1415295 ms)...
PhysicsStandingSurfaceAtlasBuilder: terrain baseline 5700/6400 cells (229190769 samples, 1415927 ms)...
PhysicsStandingSurfaceAtlasBuilder: terrain baseline 5800/6400 cells (233211408 samples, 1416361 ms)...
PhysicsStandingSurfaceAtlasBuilder: terrain baseline 5900/6400 cells (237232293 samples, 1416811 ms)...
PhysicsStandingSurfaceAtlasBuilder: terrain baseline 6000/6400 cells (241253048 samples, 1417241 ms)...
PhysicsStandingSurfaceAtlasBuilder: terrain baseline 6100/6400 cells (245273961 samples, 1417874 ms)...
PhysicsStandingSurfaceAtlasBuilder: terrain baseline 6200/6400 cells (249295640 samples, 1418306 ms)...
PhysicsStandingSurfaceAtlasBuilder: terrain baseline 6300/6400 cells (253316867 samples, 1418739 ms)...
PhysicsStandingSurfaceAtlasBuilder: terrain baseline 6400/6400 cells (257337986 samples, 1419169 ms)...
PhysicsStandingSurfaceAtlasBuilder: sampling physics for 6400 terrain cell(s) into 256 chunk(s)...
PhysicsStandingSurfaceAtlasBuilder: physics 1/6400 cells (samples=40198, walkable=40198, blocked=0, meshFallback~=40198, 1419518 ms)...
PhysicsStandingSurfaceAtlasBuilder: physics 25/6400 cells (samples=1004950, walkable=1004950, blocked=0, meshFallback~=1004950, 1423984 ms)...
PhysicsStandingSurfaceAtlasBuilder: physics 50/6400 cells (samples=2009900, walkable=2009900, blocked=0, meshFallback~=2009900, 1428681 ms)...
PhysicsStandingSurfaceAtlasBuilder: physics 75/6400 cells (samples=3014850, walkable=3014850, blocked=0, meshFallback~=3014850, 1433396 ms)...
PhysicsStandingSurfaceAtlasBuilder: physics 100/6400 cells (samples=4019800, walkable=4019800, blocked=0, meshFallback~=4019800, 1438028 ms)...
PhysicsStandingSurfaceAtlasBuilder: physics 125/6400 cells (samples=5024969, walkable=5024969, blocked=0, meshFallback~=5024969, 1442754 ms)...
PhysicsStandingSurfaceAtlasBuilder: physics 150/6400 cells (samples=6030084, walkable=6030084, blocked=0, meshFallback~=6030084, 1447483 ms)...
PhysicsStandingSurfaceAtlasBuilder: physics 175/6400 cells (samples=7035053, walkable=7035053, blocked=0, meshFallback~=7035053, 1452215 ms)...
PhysicsStandingSurfaceAtlasBuilder: physics 200/6400 cells (samples=8040388, walkable=8040388, blocked=0, meshFallback~=8040388, 1456928 ms)...
PhysicsStandingSurfaceAtlasBuilder: physics 225/6400 cells (samples=9045734, walkable=9045734, blocked=0, meshFallback~=9045734, 1461532 ms)...
PhysicsStandingSurfaceAtlasBuilder: physics 250/6400 cells (samples=10050684, walkable=10050684, blocked=0, meshFallback~=10050684, 1466369 ms)...
PhysicsStandingSurfaceAtlasBuilder: physics 275/6400 cells (samples=11055977, walkable=11055977, blocked=0, meshFallback~=11055977, 1471044 ms)...
PhysicsStandingSurfaceAtlasBuilder: physics 300/6400 cells (samples=12061243, walkable=12061243, blocked=0, meshFallback~=12061243, 1475798 ms)...
PhysicsStandingSurfaceAtlasBuilder: physics 325/6400 cells (samples=13066293, walkable=13066293, blocked=0, meshFallback~=13066293, 1480518 ms)...
PhysicsStandingSurfaceAtlasBuilder: physics 350/6400 cells (samples=14071488, walkable=14071488, blocked=0, meshFallback~=14071488, 1485252 ms)...
PhysicsStandingSurfaceAtlasBuilder: physics 375/6400 cells (samples=15076785, walkable=15076785, blocked=0, meshFallback~=15076785, 1489895 ms)...
PhysicsStandingSurfaceAtlasBuilder: physics 400/6400 cells (samples=16081887, walkable=16081887, blocked=0, meshFallback~=16081887, 1494615 ms)...
PhysicsStandingSurfaceAtlasBuilder: physics 425/6400 cells (samples=17087157, walkable=17087157, blocked=0, meshFallback~=17087157, 1499339 ms)...
PhysicsStandingSurfaceAtlasBuilder: physics 450/6400 cells (samples=18092461, walkable=18092461, blocked=0, meshFallback~=18092461, 1504168 ms)...
PhysicsStandingSurfaceAtlasBuilder: physics 475/6400 cells (samples=19097672, walkable=19097672, blocked=0, meshFallback~=19097672, 1508927 ms)...
PhysicsStandingSurfaceAtlasBuilder: physics 500/6400 cells (samples=20102756, walkable=20102756, blocked=0, meshFallback~=20102756, 1513678 ms)...
PhysicsStandingSurfaceAtlasBuilder: physics 525/6400 cells (samples=21107971, walkable=21107971, blocked=0, meshFallback~=21107971, 1518329 ms)...
PhysicsStandingSurfaceAtlasBuilder: physics 550/6400 cells (samples=22113250, walkable=22113250, blocked=0, meshFallback~=22113250, 1523101 ms)...
PhysicsStandingSurfaceAtlasBuilder: physics 575/6400 cells (samples=23118336, walkable=23118336, blocked=0, meshFallback~=23118336, 1527814 ms)...
PhysicsStandingSurfaceAtlasBuilder: physics 600/6400 cells (samples=24123656, walkable=24123656, blocked=0, meshFallback~=24123656, 1532577 ms)...
PhysicsStandingSurfaceAtlasBuilder: physics 625/6400 cells (samples=25129008, walkable=25129008, blocked=0, meshFallback~=25129008, 1537360 ms)...
PhysicsStandingSurfaceAtlasBuilder: physics 650/6400 cells (samples=26134063, walkable=26134063, blocked=0, meshFallback~=26134063, 1542027 ms)...
PhysicsStandingSurfaceAtlasBuilder: physics 675/6400 cells (samples=27139345, walkable=27139345, blocked=0, meshFallback~=27139345, 1546739 ms)...
PhysicsStandingSurfaceAtlasBuilder: physics 700/6400 cells (samples=28144486, walkable=28144486, blocked=0, meshFallback~=28144486, 1551481 ms)...
PhysicsStandingSurfaceAtlasBuilder: physics 725/6400 cells (samples=29149587, walkable=29149587, blocked=0, meshFallback~=29149587, 1556248 ms)...
PhysicsStandingSurfaceAtlasBuilder: physics 750/6400 cells (samples=30155142, walkable=30155142, blocked=0, meshFallback~=30155142, 1560989 ms)...
PhysicsStandingSurfaceAtlasBuilder: physics 775/6400 cells (samples=31160429, walkable=31160429, blocked=0, meshFallback~=31160429, 1565748 ms)...
PhysicsStandingSurfaceAtlasBuilder: physics 800/6400 cells (samples=32165584, walkable=32165584, blocked=0, meshFallback~=32165584, 1570405 ms)...
PhysicsStandingSurfaceAtlasBuilder: physics 825/6400 cells (samples=33170766, walkable=33170766, blocked=0, meshFallback~=33170766, 1575165 ms)...
PhysicsStandingSurfaceAtlasBuilder: physics 850/6400 cells (samples=34176087, walkable=34176087, blocked=0, meshFallback~=34176087, 1579885 ms)...
PhysicsStandingSurfaceAtlasBuilder: physics 875/6400 cells (samples=35181275, walkable=35181275, blocked=0, meshFallback~=35181275, 1584621 ms)...
PhysicsStandingSurfaceAtlasBuilder: physics 900/6400 cells (samples=36186399, walkable=36186399, blocked=0, meshFallback~=36186399, 1589072 ms)...
PhysicsStandingSurfaceAtlasBuilder: physics 925/6400 cells (samples=37191730, walkable=37191730, blocked=0, meshFallback~=37191730, 1593717 ms)...
PhysicsStandingSurfaceAtlasBuilder: physics 950/6400 cells (samples=38197004, walkable=38197004, blocked=0, meshFallback~=38197004, 1598443 ms)...
PhysicsStandingSurfaceAtlasBuilder: physics 975/6400 cells (samples=39202098, walkable=39202098, blocked=0, meshFallback~=39202098, 1603205 ms)...
PhysicsStandingSurfaceAtlasBuilder: physics 1000/6400 cells (samples=40207403, walkable=40207403, blocked=0, meshFallback~=40207403, 1608058 ms)...
PhysicsStandingSurfaceAtlasBuilder: physics 1025/6400 cells (samples=41212648, walkable=41212648, blocked=0, meshFallback~=41212648, 1612859 ms)...
PhysicsStandingSurfaceAtlasBuilder: physics 1050/6400 cells (samples=42217780, walkable=42217780, blocked=0, meshFallback~=42217780, 1617632 ms)...
PhysicsStandingSurfaceAtlasBuilder: physics 1075/6400 cells (samples=43223256, walkable=43223256, blocked=0, meshFallback~=43223256, 1622316 ms)...
PhysicsStandingSurfaceAtlasBuilder: physics 1100/6400 cells (samples=44228626, walkable=44228626, blocked=0, meshFallback~=44228626, 1627077 ms)...
PhysicsStandingSurfaceAtlasBuilder: physics 1125/6400 cells (samples=45233723, walkable=45233723, blocked=0, meshFallback~=45233723, 1631867 ms)...
PhysicsStandingSurfaceAtlasBuilder: physics 1150/6400 cells (samples=46238970, walkable=46238970, blocked=0, meshFallback~=46238970, 1636626 ms)...
PhysicsStandingSurfaceAtlasBuilder: physics 1175/6400 cells (samples=47244287, walkable=47244287, blocked=0, meshFallback~=47244287, 1641422 ms)...
PhysicsStandingSurfaceAtlasBuilder: physics 1200/6400 cells (samples=48249424, walkable=48249424, blocked=0, meshFallback~=48249424, 1646092 ms)...
PhysicsStandingSurfaceAtlasBuilder: physics 1225/6400 cells (samples=49254808, walkable=49254808, blocked=0, meshFallback~=49254808, 1650894 ms)...
PhysicsStandingSurfaceAtlasBuilder: physics 1250/6400 cells (samples=50260117, walkable=50260117, blocked=0, meshFallback~=50260117, 1655683 ms)...
PhysicsStandingSurfaceAtlasBuilder: physics 1275/6400 cells (samples=51265289, walkable=51265289, blocked=0, meshFallback~=51265289, 1660449 ms)...
PhysicsStandingSurfaceAtlasBuilder: physics 1300/6400 cells (samples=52270444, walkable=52270444, blocked=0, meshFallback~=52270444, 1665301 ms)...
PhysicsStandingSurfaceAtlasBuilder: physics 1325/6400 cells (samples=53275666, walkable=53275666, blocked=0, meshFallback~=53275666, 1670074 ms)...
PhysicsStandingSurfaceAtlasBuilder: physics 1350/6400 cells (samples=54280933, walkable=54280933, blocked=0, meshFallback~=54280933, 1674761 ms)...
PhysicsStandingSurfaceAtlasBuilder: physics 1375/6400 cells (samples=55286140, walkable=55286140, blocked=0, meshFallback~=55286140, 1679554 ms)...
PhysicsStandingSurfaceAtlasBuilder: physics 1400/6400 cells (samples=56291596, walkable=56291596, blocked=0, meshFallback~=56291596, 1684305 ms)...
PhysicsStandingSurfaceAtlasBuilder: physics 1425/6400 cells (samples=57297025, walkable=57297025, blocked=0, meshFallback~=57297025, 1689120 ms)...
PhysicsStandingSurfaceAtlasBuilder: physics 1450/6400 cells (samples=58302090, walkable=58302090, blocked=0, meshFallback~=58302090, 1693921 ms)...
PhysicsStandingSurfaceAtlasBuilder: physics 1475/6400 cells (samples=59307243, walkable=59307243, blocked=0, meshFallback~=59307243, 1698686 ms)...
PhysicsStandingSurfaceAtlasBuilder: physics 1500/6400 cells (samples=60312494, walkable=60312494, blocked=0, meshFallback~=60312494, 1703363 ms)...
PhysicsStandingSurfaceAtlasBuilder: physics 1525/6400 cells (samples=61317614, walkable=61317614, blocked=0, meshFallback~=61317614, 1708216 ms)...
PhysicsStandingSurfaceAtlasBuilder: physics 1550/6400 cells (samples=62323070, walkable=62323070, blocked=0, meshFallback~=62323070, 1713012 ms)...
PhysicsStandingSurfaceAtlasBuilder: physics 1575/6400 cells (samples=63328348, walkable=63328348, blocked=0, meshFallback~=63328348, 1717768 ms)...
PhysicsStandingSurfaceAtlasBuilder: physics 1600/6400 cells (samples=64333391, walkable=64333391, blocked=0, meshFallback~=64333391, 1722591 ms)...
PhysicsStandingSurfaceAtlasBuilder: physics 1625/6400 cells (samples=65338595, walkable=65338595, blocked=0, meshFallback~=65338595, 1727256 ms)...
PhysicsStandingSurfaceAtlasBuilder: physics 1650/6400 cells (samples=66343793, walkable=66343793, blocked=0, meshFallback~=66343793, 1732055 ms)...
PhysicsStandingSurfaceAtlasBuilder: physics 1675/6400 cells (samples=67348980, walkable=67348980, blocked=0, meshFallback~=67348980, 1736828 ms)...
PhysicsStandingSurfaceAtlasBuilder: physics 1700/6400 cells (samples=68354343, walkable=68354343, blocked=0, meshFallback~=68354343, 1741595 ms)...
PhysicsStandingSurfaceAtlasBuilder: physics 1725/6400 cells (samples=69359778, walkable=69359778, blocked=0, meshFallback~=69359778, 1746377 ms)...
PhysicsStandingSurfaceAtlasBuilder: physics 1750/6400 cells (samples=70364935, walkable=70364935, blocked=0, meshFallback~=70364935, 1751168 ms)...
PhysicsStandingSurfaceAtlasBuilder: physics 1775/6400 cells (samples=71370062, walkable=71370062, blocked=0, meshFallback~=71370062, 1755824 ms)...
PhysicsStandingSurfaceAtlasBuilder: physics 1800/6400 cells (samples=72375244, walkable=72375244, blocked=0, meshFallback~=72375244, 1760638 ms)...
PhysicsStandingSurfaceAtlasBuilder: physics 1825/6400 cells (samples=73380482, walkable=73380482, blocked=0, meshFallback~=73380482, 1765434 ms)...
PhysicsStandingSurfaceAtlasBuilder: physics 1850/6400 cells (samples=74385682, walkable=74385682, blocked=0, meshFallback~=74385682, 1770231 ms)...
PhysicsStandingSurfaceAtlasBuilder: physics 1875/6400 cells (samples=75391021, walkable=75391021, blocked=0, meshFallback~=75391021, 1775002 ms)...
PhysicsStandingSurfaceAtlasBuilder: physics 1900/6400 cells (samples=76396376, walkable=76396376, blocked=0, meshFallback~=76396376, 1779704 ms)...
PhysicsStandingSurfaceAtlasBuilder: physics 1925/6400 cells (samples=77401384, walkable=77401384, blocked=0, meshFallback~=77401384, 1784505 ms)...
PhysicsStandingSurfaceAtlasBuilder: physics 1950/6400 cells (samples=78406622, walkable=78406622, blocked=0, meshFallback~=78406622, 1789286 ms)...
PhysicsStandingSurfaceAtlasBuilder: physics 1975/6400 cells (samples=79411833, walkable=79411833, blocked=0, meshFallback~=79411833, 1794085 ms)...
PhysicsStandingSurfaceAtlasBuilder: physics 2000/6400 cells (samples=80416881, walkable=80416881, blocked=0, meshFallback~=80416881, 1798844 ms)...
PhysicsStandingSurfaceAtlasBuilder: physics 2025/6400 cells (samples=81422255, walkable=81422255, blocked=0, meshFallback~=81422255, 1803663 ms)...
PhysicsStandingSurfaceAtlasBuilder: physics 2050/6400 cells (samples=82427451, walkable=82427451, blocked=0, meshFallback~=82427451, 1808428 ms)...
PhysicsStandingSurfaceAtlasBuilder: physics 2075/6400 cells (samples=83432550, walkable=83432550, blocked=0, meshFallback~=83432550, 1813235 ms)...
PhysicsStandingSurfaceAtlasBuilder: physics 2100/6400 cells (samples=84437732, walkable=84437732, blocked=0, meshFallback~=84437732, 1817988 ms)...
PhysicsStandingSurfaceAtlasBuilder: physics 2125/6400 cells (samples=85442908, walkable=85442908, blocked=0, meshFallback~=85442908, 1822790 ms)...
PhysicsStandingSurfaceAtlasBuilder: physics 2150/6400 cells (samples=86448139, walkable=86448139, blocked=0, meshFallback~=86448139, 1827658 ms)...
PhysicsStandingSurfaceAtlasBuilder: physics 2175/6400 cells (samples=87453313, walkable=87453313, blocked=0, meshFallback~=87453313, 1832345 ms)...
PhysicsStandingSurfaceAtlasBuilder: physics 2200/6400 cells (samples=88458648, walkable=88458648, blocked=0, meshFallback~=88458648, 1837103 ms)...
PhysicsStandingSurfaceAtlasBuilder: physics 2225/6400 cells (samples=89463860, walkable=89463860, blocked=0, meshFallback~=89463860, 1841915 ms)...
PhysicsStandingSurfaceAtlasBuilder: physics 2250/6400 cells (samples=90468938, walkable=90468938, blocked=0, meshFallback~=90468938, 1846701 ms)...
PhysicsStandingSurfaceAtlasBuilder: physics 2275/6400 cells (samples=91474155, walkable=91474155, blocked=0, meshFallback~=91474155, 1851494 ms)...
PhysicsStandingSurfaceAtlasBuilder: physics 2300/6400 cells (samples=92479423, walkable=92479423, blocked=0, meshFallback~=92479423, 1856266 ms)...
PhysicsStandingSurfaceAtlasBuilder: physics 2325/6400 cells (samples=93484503, walkable=93484503, blocked=0, meshFallback~=93484503, 1861012 ms)...
PhysicsStandingSurfaceAtlasBuilder: physics 2350/6400 cells (samples=94490066, walkable=94490066, blocked=0, meshFallback~=94490066, 1865798 ms)...
PhysicsStandingSurfaceAtlasBuilder: physics 2375/6400 cells (samples=95495362, walkable=95495362, blocked=0, meshFallback~=95495362, 1870601 ms)...
PhysicsStandingSurfaceAtlasBuilder: physics 2400/6400 cells (samples=96500468, walkable=96500468, blocked=0, meshFallback~=96500468, 1875378 ms)...
PhysicsStandingSurfaceAtlasBuilder: physics 2425/6400 cells (samples=97505650, walkable=97505650, blocked=0, meshFallback~=97505650, 1880158 ms)...
PhysicsStandingSurfaceAtlasBuilder: physics 2450/6400 cells (samples=98510930, walkable=98510930, blocked=0, meshFallback~=98510930, 1884827 ms)...
PhysicsStandingSurfaceAtlasBuilder: physics 2475/6400 cells (samples=99515994, walkable=99515994, blocked=0, meshFallback~=99515994, 1889647 ms)...
PhysicsStandingSurfaceAtlasBuilder: physics 2500/6400 cells (samples=100521164, walkable=100521164, blocked=0, meshFallback~=100521164, 1894429 ms)...
PhysicsStandingSurfaceAtlasBuilder: physics 2525/6400 cells (samples=101526621, walkable=101526621, blocked=0, meshFallback~=101526621, 1899234 ms)...
PhysicsStandingSurfaceAtlasBuilder: physics 2550/6400 cells (samples=102531823, walkable=102531823, blocked=0, meshFallback~=102531823, 1904062 ms)...
PhysicsStandingSurfaceAtlasBuilder: physics 2575/6400 cells (samples=103536959, walkable=103536959, blocked=0, meshFallback~=103536959, 1908910 ms)...
PhysicsStandingSurfaceAtlasBuilder: physics 2600/6400 cells (samples=104542160, walkable=104542160, blocked=0, meshFallback~=104542160, 1913602 ms)...
PhysicsStandingSurfaceAtlasBuilder: physics 2625/6400 cells (samples=105547401, walkable=105547401, blocked=0, meshFallback~=105547401, 1918353 ms)...
PhysicsStandingSurfaceAtlasBuilder: physics 2650/6400 cells (samples=106552571, walkable=106552571, blocked=0, meshFallback~=106552571, 1923127 ms)...
PhysicsStandingSurfaceAtlasBuilder: physics 2675/6400 cells (samples=107558133, walkable=107558133, blocked=0, meshFallback~=107558133, 1927875 ms)...
PhysicsStandingSurfaceAtlasBuilder: physics 2700/6400 cells (samples=108563345, walkable=108563345, blocked=0, meshFallback~=108563345, 1932683 ms)...
PhysicsStandingSurfaceAtlasBuilder: physics 2725/6400 cells (samples=109568343, walkable=109568343, blocked=0, meshFallback~=109568343, 1937430 ms)...
PhysicsStandingSurfaceAtlasBuilder: physics 2750/6400 cells (samples=110573613, walkable=110573613, blocked=0, meshFallback~=110573613, 1942090 ms)...
PhysicsStandingSurfaceAtlasBuilder: physics 2775/6400 cells (samples=111578797, walkable=111578797, blocked=0, meshFallback~=111578797, 1946852 ms)...
PhysicsStandingSurfaceAtlasBuilder: physics 2800/6400 cells (samples=112583747, walkable=112583747, blocked=0, meshFallback~=112583747, 1951631 ms)...
PhysicsStandingSurfaceAtlasBuilder: physics 2825/6400 cells (samples=113589030, walkable=113589030, blocked=0, meshFallback~=113589030, 1956360 ms)...
PhysicsStandingSurfaceAtlasBuilder: physics 2850/6400 cells (samples=114594346, walkable=114594346, blocked=0, meshFallback~=114594346, 1961157 ms)...
PhysicsStandingSurfaceAtlasBuilder: physics 2875/6400 cells (samples=115599296, walkable=115599296, blocked=0, meshFallback~=115599296, 1965796 ms)...
PhysicsStandingSurfaceAtlasBuilder: physics 2900/6400 cells (samples=116604459, walkable=116604459, blocked=0, meshFallback~=116604459, 1970563 ms)...
PhysicsStandingSurfaceAtlasBuilder: physics 2925/6400 cells (samples=117609691, walkable=117609691, blocked=0, meshFallback~=117609691, 1975307 ms)...
PhysicsStandingSurfaceAtlasBuilder: physics 2950/6400 cells (samples=118614738, walkable=118614738, blocked=0, meshFallback~=118614738, 1980068 ms)...
PhysicsStandingSurfaceAtlasBuilder: physics 2975/6400 cells (samples=119620013, walkable=119620013, blocked=0, meshFallback~=119620013, 1984779 ms)...
PhysicsStandingSurfaceAtlasBuilder: physics 3000/6400 cells (samples=120625454, walkable=120625454, blocked=0, meshFallback~=120625454, 1989517 ms)...
PhysicsStandingSurfaceAtlasBuilder: physics 3025/6400 cells (samples=121630645, walkable=121630645, blocked=0, meshFallback~=121630645, 1994223 ms)...
PhysicsStandingSurfaceAtlasBuilder: physics 3050/6400 cells (samples=122635675, walkable=122635675, blocked=0, meshFallback~=122635675, 1998955 ms)...
PhysicsStandingSurfaceAtlasBuilder: physics 3075/6400 cells (samples=123640865, walkable=123640865, blocked=0, meshFallback~=123640865, 2003744 ms)...
PhysicsStandingSurfaceAtlasBuilder: physics 3100/6400 cells (samples=124645970, walkable=124645970, blocked=0, meshFallback~=124645970, 2008575 ms)...
PhysicsStandingSurfaceAtlasBuilder: physics 3125/6400 cells (samples=125651050, walkable=125651050, blocked=0, meshFallback~=125651050, 2013359 ms)...
PhysicsStandingSurfaceAtlasBuilder: physics 3150/6400 cells (samples=126656442, walkable=126656442, blocked=0, meshFallback~=126656442, 2018021 ms)...
PhysicsStandingSurfaceAtlasBuilder: physics 3175/6400 cells (samples=127661477, walkable=127661477, blocked=0, meshFallback~=127661477, 2022817 ms)...
PhysicsStandingSurfaceAtlasBuilder: physics 3200/6400 cells (samples=128666436, walkable=128666436, blocked=0, meshFallback~=128666436, 2027643 ms)...
PhysicsStandingSurfaceAtlasBuilder: physics 3225/6400 cells (samples=129671613, walkable=129671613, blocked=0, meshFallback~=129671613, 2032413 ms)...
PhysicsStandingSurfaceAtlasBuilder: physics 3250/6400 cells (samples=130676950, walkable=130676950, blocked=0, meshFallback~=130676950, 2037147 ms)...
PhysicsStandingSurfaceAtlasBuilder: physics 3275/6400 cells (samples=131681997, walkable=131681997, blocked=0, meshFallback~=131681997, 2041888 ms)...
PhysicsStandingSurfaceAtlasBuilder: physics 3300/6400 cells (samples=132687329, walkable=132687329, blocked=0, meshFallback~=132687329, 2046530 ms)...
PhysicsStandingSurfaceAtlasBuilder: physics 3325/6400 cells (samples=133692615, walkable=133692615, blocked=0, meshFallback~=133692615, 2051328 ms)...
PhysicsStandingSurfaceAtlasBuilder: physics 3350/6400 cells (samples=134697737, walkable=134697737, blocked=0, meshFallback~=134697737, 2056070 ms)...
PhysicsStandingSurfaceAtlasBuilder: physics 3375/6400 cells (samples=135702941, walkable=135702941, blocked=0, meshFallback~=135702941, 2060901 ms)...
PhysicsStandingSurfaceAtlasBuilder: physics 3400/6400 cells (samples=136708246, walkable=136708246, blocked=0, meshFallback~=136708246, 2065702 ms)...
PhysicsStandingSurfaceAtlasBuilder: physics 3425/6400 cells (samples=137713398, walkable=137713398, blocked=0, meshFallback~=137713398, 2070336 ms)...
PhysicsStandingSurfaceAtlasBuilder: physics 3450/6400 cells (samples=138718649, walkable=138718649, blocked=0, meshFallback~=138718649, 2075098 ms)...
PhysicsStandingSurfaceAtlasBuilder: physics 3475/6400 cells (samples=139724091, walkable=139724091, blocked=0, meshFallback~=139724091, 2079857 ms)...
PhysicsStandingSurfaceAtlasBuilder: physics 3500/6400 cells (samples=140729455, walkable=140729455, blocked=0, meshFallback~=140729455, 2084639 ms)...
PhysicsStandingSurfaceAtlasBuilder: physics 3525/6400 cells (samples=141734722, walkable=141734722, blocked=0, meshFallback~=141734722, 2089401 ms)...
PhysicsStandingSurfaceAtlasBuilder: physics 3550/6400 cells (samples=142739956, walkable=142739956, blocked=0, meshFallback~=142739956, 2094141 ms)...
PhysicsStandingSurfaceAtlasBuilder: physics 3575/6400 cells (samples=143745210, walkable=143745210, blocked=0, meshFallback~=143745210, 2098769 ms)...
PhysicsStandingSurfaceAtlasBuilder: physics 3600/6400 cells (samples=144750251, walkable=144750251, blocked=0, meshFallback~=144750251, 2103542 ms)...
PhysicsStandingSurfaceAtlasBuilder: physics 3625/6400 cells (samples=145755617, walkable=145755617, blocked=0, meshFallback~=145755617, 2108372 ms)...
PhysicsStandingSurfaceAtlasBuilder: physics 3650/6400 cells (samples=146760819, walkable=146760819, blocked=0, meshFallback~=146760819, 2113103 ms)...
PhysicsStandingSurfaceAtlasBuilder: physics 3675/6400 cells (samples=147765924, walkable=147765924, blocked=0, meshFallback~=147765924, 2117829 ms)...
PhysicsStandingSurfaceAtlasBuilder: physics 3700/6400 cells (samples=148771147, walkable=148771147, blocked=0, meshFallback~=148771147, 2122580 ms)...
PhysicsStandingSurfaceAtlasBuilder: physics 3725/6400 cells (samples=149776457, walkable=149776457, blocked=0, meshFallback~=149776457, 2127254 ms)...
PhysicsStandingSurfaceAtlasBuilder: physics 3750/6400 cells (samples=150781711, walkable=150781711, blocked=0, meshFallback~=150781711, 2132059 ms)...
PhysicsStandingSurfaceAtlasBuilder: physics 3775/6400 cells (samples=151787092, walkable=151787092, blocked=0, meshFallback~=151787092, 2136792 ms)...
PhysicsStandingSurfaceAtlasBuilder: physics 3800/6400 cells (samples=152792416, walkable=152792416, blocked=0, meshFallback~=152792416, 2141539 ms)...
PhysicsStandingSurfaceAtlasBuilder: physics 3825/6400 cells (samples=153797534, walkable=153797534, blocked=0, meshFallback~=153797534, 2146285 ms)...
PhysicsStandingSurfaceAtlasBuilder: physics 3850/6400 cells (samples=154802696, walkable=154802696, blocked=0, meshFallback~=154802696, 2150926 ms)...
PhysicsStandingSurfaceAtlasBuilder: physics 3875/6400 cells (samples=155807846, walkable=155807846, blocked=0, meshFallback~=155807846, 2155695 ms)...
PhysicsStandingSurfaceAtlasBuilder: physics 3900/6400 cells (samples=156813094, walkable=156813094, blocked=0, meshFallback~=156813094, 2160446 ms)...
PhysicsStandingSurfaceAtlasBuilder: physics 3925/6400 cells (samples=157818395, walkable=157818395, blocked=0, meshFallback~=157818395, 2165185 ms)...
PhysicsStandingSurfaceAtlasBuilder: physics 3950/6400 cells (samples=158823873, walkable=158823873, blocked=0, meshFallback~=158823873, 2169942 ms)...
PhysicsStandingSurfaceAtlasBuilder: physics 3975/6400 cells (samples=159829077, walkable=159829077, blocked=0, meshFallback~=159829077, 2174675 ms)...
PhysicsStandingSurfaceAtlasBuilder: physics 4000/6400 cells (samples=160834378, walkable=160834378, blocked=0, meshFallback~=160834378, 2179335 ms)...
PhysicsStandingSurfaceAtlasBuilder: physics 4025/6400 cells (samples=161839756, walkable=161839756, blocked=0, meshFallback~=161839756, 2184149 ms)...
PhysicsStandingSurfaceAtlasBuilder: physics 4050/6400 cells (samples=162845052, walkable=162845052, blocked=0, meshFallback~=162845052, 2188840 ms)...
PhysicsStandingSurfaceAtlasBuilder: physics 4075/6400 cells (samples=163850316, walkable=163850316, blocked=0, meshFallback~=163850316, 2193350 ms)...
PhysicsStandingSurfaceAtlasBuilder: physics 4100/6400 cells (samples=164855740, walkable=164855740, blocked=0, meshFallback~=164855740, 2198068 ms)...
PhysicsStandingSurfaceAtlasBuilder: physics 4125/6400 cells (samples=165860867, walkable=165860867, blocked=0, meshFallback~=165860867, 2202771 ms)...
PhysicsStandingSurfaceAtlasBuilder: physics 4150/6400 cells (samples=166866151, walkable=166866151, blocked=0, meshFallback~=166866151, 2207669 ms)...
PhysicsStandingSurfaceAtlasBuilder: physics 4175/6400 cells (samples=167871276, walkable=167871276, blocked=0, meshFallback~=167871276, 2212466 ms)...
PhysicsStandingSurfaceAtlasBuilder: physics 4200/6400 cells (samples=168876466, walkable=168876466, blocked=0, meshFallback~=168876466, 2217259 ms)...
PhysicsStandingSurfaceAtlasBuilder: physics 4225/6400 cells (samples=169881668, walkable=169881668, blocked=0, meshFallback~=169881668, 2222078 ms)...
PhysicsStandingSurfaceAtlasBuilder: physics 4250/6400 cells (samples=170886966, walkable=170886966, blocked=0, meshFallback~=170886966, 2226866 ms)...
PhysicsStandingSurfaceAtlasBuilder: physics 4275/6400 cells (samples=171892374, walkable=171892374, blocked=0, meshFallback~=171892374, 2231598 ms)...
PhysicsStandingSurfaceAtlasBuilder: physics 4300/6400 cells (samples=172897640, walkable=172897640, blocked=0, meshFallback~=172897640, 2236363 ms)...
PhysicsStandingSurfaceAtlasBuilder: physics 4325/6400 cells (samples=173902847, walkable=173902847, blocked=0, meshFallback~=173902847, 2241146 ms)...
PhysicsStandingSurfaceAtlasBuilder: physics 4350/6400 cells (samples=174908158, walkable=174908158, blocked=0, meshFallback~=174908158, 2245946 ms)...
PhysicsStandingSurfaceAtlasBuilder: physics 4375/6400 cells (samples=175913423, walkable=175913423, blocked=0, meshFallback~=175913423, 2250750 ms)...
PhysicsStandingSurfaceAtlasBuilder: physics 4400/6400 cells (samples=176918597, walkable=176918597, blocked=0, meshFallback~=176918597, 2255412 ms)...
PhysicsStandingSurfaceAtlasBuilder: physics 4425/6400 cells (samples=177923996, walkable=177923996, blocked=0, meshFallback~=177923996, 2260218 ms)...
PhysicsStandingSurfaceAtlasBuilder: physics 4450/6400 cells (samples=178929186, walkable=178929186, blocked=0, meshFallback~=178929186, 2265056 ms)...
PhysicsStandingSurfaceAtlasBuilder: physics 4475/6400 cells (samples=179934415, walkable=179934415, blocked=0, meshFallback~=179934415, 2269821 ms)...
PhysicsStandingSurfaceAtlasBuilder: physics 4500/6400 cells (samples=180939717, walkable=180939717, blocked=0, meshFallback~=180939717, 2274808 ms)...
PhysicsStandingSurfaceAtlasBuilder: physics 4525/6400 cells (samples=181945001, walkable=181945001, blocked=0, meshFallback~=181945001, 2279843 ms)...
PhysicsStandingSurfaceAtlasBuilder: physics 4550/6400 cells (samples=182950204, walkable=182950204, blocked=0, meshFallback~=182950204, 2284684 ms)...
PhysicsStandingSurfaceAtlasBuilder: physics 4575/6400 cells (samples=183955648, walkable=183955648, blocked=0, meshFallback~=183955648, 2289668 ms)...
PhysicsStandingSurfaceAtlasBuilder: physics 4600/6400 cells (samples=184960888, walkable=184960888, blocked=0, meshFallback~=184960888, 2294678 ms)...
PhysicsStandingSurfaceAtlasBuilder: physics 4625/6400 cells (samples=185965902, walkable=185965902, blocked=0, meshFallback~=185965902, 2299661 ms)...
PhysicsStandingSurfaceAtlasBuilder: physics 4650/6400 cells (samples=186971129, walkable=186971129, blocked=0, meshFallback~=186971129, 2304674 ms)...
PhysicsStandingSurfaceAtlasBuilder: physics 4675/6400 cells (samples=187976343, walkable=187976343, blocked=0, meshFallback~=187976343, 2309776 ms)...
PhysicsStandingSurfaceAtlasBuilder: physics 4700/6400 cells (samples=188981472, walkable=188981472, blocked=0, meshFallback~=188981472, 2314670 ms)...
PhysicsStandingSurfaceAtlasBuilder: physics 4725/6400 cells (samples=189986712, walkable=189986712, blocked=0, meshFallback~=189986712, 2319653 ms)...
PhysicsStandingSurfaceAtlasBuilder: physics 4750/6400 cells (samples=190992178, walkable=190992178, blocked=0, meshFallback~=190992178, 2324669 ms)...
PhysicsStandingSurfaceAtlasBuilder: physics 4775/6400 cells (samples=191997265, walkable=191997265, blocked=0, meshFallback~=191997265, 2329615 ms)...
PhysicsStandingSurfaceAtlasBuilder: physics 4800/6400 cells (samples=193002624, walkable=193002624, blocked=0, meshFallback~=193002624, 2334582 ms)...
PhysicsStandingSurfaceAtlasBuilder: physics 4825/6400 cells (samples=194007836, walkable=194007836, blocked=0, meshFallback~=194007836, 2339414 ms)...
PhysicsStandingSurfaceAtlasBuilder: physics 4850/6400 cells (samples=195013089, walkable=195013089, blocked=0, meshFallback~=195013089, 2344442 ms)...
PhysicsStandingSurfaceAtlasBuilder: physics 4875/6400 cells (samples=196018159, walkable=196018159, blocked=0, meshFallback~=196018159, 2349440 ms)...
PhysicsStandingSurfaceAtlasBuilder: physics 4900/6400 cells (samples=197023611, walkable=197023611, blocked=0, meshFallback~=197023611, 2354439 ms)...
PhysicsStandingSurfaceAtlasBuilder: physics 4925/6400 cells (samples=198028809, walkable=198028809, blocked=0, meshFallback~=198028809, 2359449 ms)...
PhysicsStandingSurfaceAtlasBuilder: physics 4950/6400 cells (samples=199033910, walkable=199033910, blocked=0, meshFallback~=199033910, 2364529 ms)...
PhysicsStandingSurfaceAtlasBuilder: physics 4975/6400 cells (samples=200039151, walkable=200039151, blocked=0, meshFallback~=200039151, 2369416 ms)...
PhysicsStandingSurfaceAtlasBuilder: physics 5000/6400 cells (samples=201044461, walkable=201044461, blocked=0, meshFallback~=201044461, 2374415 ms)...
PhysicsStandingSurfaceAtlasBuilder: physics 5025/6400 cells (samples=202049677, walkable=202049677, blocked=0, meshFallback~=202049677, 2379455 ms)...
PhysicsStandingSurfaceAtlasBuilder: physics 5050/6400 cells (samples=203055010, walkable=203055010, blocked=0, meshFallback~=203055010, 2384457 ms)...
PhysicsStandingSurfaceAtlasBuilder: physics 5075/6400 cells (samples=204060297, walkable=204060297, blocked=0, meshFallback~=204060297, 2389470 ms)...
PhysicsStandingSurfaceAtlasBuilder: physics 5100/6400 cells (samples=205065432, walkable=205065432, blocked=0, meshFallback~=205065432, 2394359 ms)...
PhysicsStandingSurfaceAtlasBuilder: physics 5125/6400 cells (samples=206070681, walkable=206070681, blocked=0, meshFallback~=206070681, 2399344 ms)...
PhysicsStandingSurfaceAtlasBuilder: physics 5150/6400 cells (samples=207075956, walkable=207075956, blocked=0, meshFallback~=207075956, 2404333 ms)...
PhysicsStandingSurfaceAtlasBuilder: physics 5175/6400 cells (samples=208081015, walkable=208081015, blocked=0, meshFallback~=208081015, 2409346 ms)...
PhysicsStandingSurfaceAtlasBuilder: physics 5200/6400 cells (samples=209086171, walkable=209086171, blocked=0, meshFallback~=209086171, 2414309 ms)...
PhysicsStandingSurfaceAtlasBuilder: physics 5225/6400 cells (samples=210091604, walkable=210091604, blocked=0, meshFallback~=210091604, 2419247 ms)...
PhysicsStandingSurfaceAtlasBuilder: physics 5250/6400 cells (samples=211096729, walkable=211096729, blocked=0, meshFallback~=211096729, 2424108 ms)...
PhysicsStandingSurfaceAtlasBuilder: physics 5275/6400 cells (samples=212102007, walkable=212102007, blocked=0, meshFallback~=212102007, 2429087 ms)...
PhysicsStandingSurfaceAtlasBuilder: physics 5300/6400 cells (samples=213107337, walkable=213107337, blocked=0, meshFallback~=213107337, 2434033 ms)...
PhysicsStandingSurfaceAtlasBuilder: physics 5325/6400 cells (samples=214112648, walkable=214112648, blocked=0, meshFallback~=214112648, 2438967 ms)...
PhysicsStandingSurfaceAtlasBuilder: physics 5350/6400 cells (samples=215117791, walkable=215117791, blocked=0, meshFallback~=215117791, 2443982 ms)...
PhysicsStandingSurfaceAtlasBuilder: physics 5375/6400 cells (samples=216123312, walkable=216123312, blocked=0, meshFallback~=216123312, 2448832 ms)...
PhysicsStandingSurfaceAtlasBuilder: physics 5400/6400 cells (samples=217128509, walkable=217128509, blocked=0, meshFallback~=217128509, 2453819 ms)...
PhysicsStandingSurfaceAtlasBuilder: physics 5425/6400 cells (samples=218133573, walkable=218133573, blocked=0, meshFallback~=218133573, 2458732 ms)...
PhysicsStandingSurfaceAtlasBuilder: physics 5450/6400 cells (samples=219138756, walkable=219138756, blocked=0, meshFallback~=219138756, 2463703 ms)...
PhysicsStandingSurfaceAtlasBuilder: physics 5475/6400 cells (samples=220143935, walkable=220143935, blocked=0, meshFallback~=220143935, 2468610 ms)...
PhysicsStandingSurfaceAtlasBuilder: physics 5500/6400 cells (samples=221149005, walkable=221149005, blocked=0, meshFallback~=221149005, 2473552 ms)...
PhysicsStandingSurfaceAtlasBuilder: physics 5525/6400 cells (samples=222154209, walkable=222154209, blocked=0, meshFallback~=222154209, 2478360 ms)...
PhysicsStandingSurfaceAtlasBuilder: physics 5550/6400 cells (samples=223159565, walkable=223159565, blocked=0, meshFallback~=223159565, 2483356 ms)...
PhysicsStandingSurfaceAtlasBuilder: physics 5575/6400 cells (samples=224164833, walkable=224164833, blocked=0, meshFallback~=224164833, 2488286 ms)...
PhysicsStandingSurfaceAtlasBuilder: physics 5600/6400 cells (samples=225169913, walkable=225169913, blocked=0, meshFallback~=225169913, 2493168 ms)...
PhysicsStandingSurfaceAtlasBuilder: physics 5625/6400 cells (samples=226175120, walkable=226175120, blocked=0, meshFallback~=226175120, 2498120 ms)...
PhysicsStandingSurfaceAtlasBuilder: physics 5650/6400 cells (samples=227180387, walkable=227180387, blocked=0, meshFallback~=227180387, 2503115 ms)...
PhysicsStandingSurfaceAtlasBuilder: physics 5675/6400 cells (samples=228185476, walkable=228185476, blocked=0, meshFallback~=228185476, 2508007 ms)...
PhysicsStandingSurfaceAtlasBuilder: physics 5700/6400 cells (samples=229190769, walkable=229190769, blocked=0, meshFallback~=229190769, 2512947 ms)...
PhysicsStandingSurfaceAtlasBuilder: physics 5725/6400 cells (samples=230195958, walkable=230195958, blocked=0, meshFallback~=230195958, 2517832 ms)...
PhysicsStandingSurfaceAtlasBuilder: physics 5750/6400 cells (samples=231201169, walkable=231201169, blocked=0, meshFallback~=231201169, 2522786 ms)...
PhysicsStandingSurfaceAtlasBuilder: physics 5775/6400 cells (samples=232206229, walkable=232206229, blocked=0, meshFallback~=232206229, 2527759 ms)...
PhysicsStandingSurfaceAtlasBuilder: physics 5800/6400 cells (samples=233211408, walkable=233211408, blocked=0, meshFallback~=233211408, 2532583 ms)...
PhysicsStandingSurfaceAtlasBuilder: physics 5825/6400 cells (samples=234216635, walkable=234216635, blocked=0, meshFallback~=234216635, 2537534 ms)...
PhysicsStandingSurfaceAtlasBuilder: physics 5850/6400 cells (samples=235221755, walkable=235221755, blocked=0, meshFallback~=235221755, 2542424 ms)...
PhysicsStandingSurfaceAtlasBuilder: physics 5875/6400 cells (samples=236227159, walkable=236227159, blocked=0, meshFallback~=236227159, 2547396 ms)...
PhysicsStandingSurfaceAtlasBuilder: physics 5900/6400 cells (samples=237232293, walkable=237232293, blocked=0, meshFallback~=237232293, 2552332 ms)...
PhysicsStandingSurfaceAtlasBuilder: physics 5925/6400 cells (samples=238237528, walkable=238237528, blocked=0, meshFallback~=238237528, 2557309 ms)...
PhysicsStandingSurfaceAtlasBuilder: physics 5950/6400 cells (samples=239242748, walkable=239242748, blocked=0, meshFallback~=239242748, 2562218 ms)...
PhysicsStandingSurfaceAtlasBuilder: physics 5975/6400 cells (samples=240247925, walkable=240247925, blocked=0, meshFallback~=240247925, 2567157 ms)...
PhysicsStandingSurfaceAtlasBuilder: physics 6000/6400 cells (samples=241253048, walkable=241253048, blocked=0, meshFallback~=241253048, 2572109 ms)...
PhysicsStandingSurfaceAtlasBuilder: physics 6025/6400 cells (samples=242258370, walkable=242258370, blocked=0, meshFallback~=242258370, 2577009 ms)...
PhysicsStandingSurfaceAtlasBuilder: physics 6050/6400 cells (samples=243263528, walkable=243263528, blocked=0, meshFallback~=243263528, 2581939 ms)...
PhysicsStandingSurfaceAtlasBuilder: physics 6075/6400 cells (samples=244268620, walkable=244268620, blocked=0, meshFallback~=244268620, 2586750 ms)...
PhysicsStandingSurfaceAtlasBuilder: physics 6100/6400 cells (samples=245273961, walkable=245273961, blocked=0, meshFallback~=245273961, 2591681 ms)...
PhysicsStandingSurfaceAtlasBuilder: physics 6125/6400 cells (samples=246279471, walkable=246279471, blocked=0, meshFallback~=246279471, 2596608 ms)...
PhysicsStandingSurfaceAtlasBuilder: physics 6150/6400 cells (samples=247284821, walkable=247284821, blocked=0, meshFallback~=247284821, 2601566 ms)...
PhysicsStandingSurfaceAtlasBuilder: physics 6175/6400 cells (samples=248290101, walkable=248290101, blocked=0, meshFallback~=248290101, 2606485 ms)...
PhysicsStandingSurfaceAtlasBuilder: physics 6200/6400 cells (samples=249295640, walkable=249295640, blocked=0, meshFallback~=249295640, 2611557 ms)...
PhysicsStandingSurfaceAtlasBuilder: physics 6225/6400 cells (samples=250300811, walkable=250300811, blocked=0, meshFallback~=250300811, 2616318 ms)...
PhysicsStandingSurfaceAtlasBuilder: physics 6250/6400 cells (samples=251306059, walkable=251306059, blocked=0, meshFallback~=251306059, 2621239 ms)...
PhysicsStandingSurfaceAtlasBuilder: physics 6275/6400 cells (samples=252311347, walkable=252311347, blocked=0, meshFallback~=252311347, 2626181 ms)...
PhysicsStandingSurfaceAtlasBuilder: physics 6300/6400 cells (samples=253316867, walkable=253316867, blocked=0, meshFallback~=253316867, 2631119 ms)...
PhysicsStandingSurfaceAtlasBuilder: physics 6325/6400 cells (samples=254322176, walkable=254322176, blocked=0, meshFallback~=254322176, 2636027 ms)...
PhysicsStandingSurfaceAtlasBuilder: physics 6350/6400 cells (samples=255327469, walkable=255327469, blocked=0, meshFallback~=255327469, 2640858 ms)...
PhysicsStandingSurfaceAtlasBuilder: physics 6375/6400 cells (samples=256332873, walkable=256332873, blocked=0, meshFallback~=256332873, 2645759 ms)...
PhysicsStandingSurfaceAtlasBuilder: physics 6400/6400 cells (samples=257337986, walkable=257337986, blocked=0, meshFallback~=257337986, 2650722 ms)...
PhysicsStandingSurfaceAtlasBuilder: wrote 256 chunk(s) to 'res://Godot/Terrain/WalkData' (physics samples=257337986, walkable~=257337986, blocked~=0) in 2759369 ms.
OutdoorNavAtlasBuilder: wrote 256 nav chunk(s) at 0.25m to 'res://Godot/Terrain/NavData'.
PhysicsStandingSurfaceHeadlessBake: done (256 chunk(s) written + nav rebaked).
